 Image company-brain-company-brain-app Building 
#1 [internal] load local bake definitions
#1 reading from stdin 583B done
#1 DONE 0.0s

#2 [internal] load build definition from Dockerfile
#2 transferring dockerfile: 510B 0.0s done
#2 DONE 0.1s

#3 [internal] load metadata for docker.io/library/python:3.12-slim
#3 DONE 1.8s

#4 [1/6] FROM docker.io/library/python:3.12-slim@sha256:2c941e860699f878900b0edc2403613c234d4b32eda3cc9fa7036991a2a63c4a
#4 resolve docker.io/library/python:3.12-slim@sha256:2c941e860699f878900b0edc2403613c234d4b32eda3cc9fa7036991a2a63c4a 0.1s done
#4 DONE 0.1s

#5 [internal] load .dockerignore
#5 transferring context: 2B done
#5 DONE 0.1s

#6 [internal] load build context
#6 transferring context: 9.06MB 5.0s
#6 transferring context: 17.87MB 10.2s
#6 transferring context: 34.81MB 15.3s
#6 transferring context: 45.32MB 20.4s
#6 transferring context: 65.07MB 25.5s
#6 transferring context: 72.62MB 30.6s
#6 transferring context: 89.93MB 35.8s
#6 transferring context: 179.37MB 41.0s
#6 transferring context: 200.46MB 46.1s
#6 transferring context: 206.99MB 51.3s
#6 transferring context: 208.79MB 56.4s
#6 transferring context: 213.26MB 61.5s
#6 transferring context: 221.30MB 66.6s
#6 transferring context: 224.06MB 71.7s
#6 transferring context: 225.85MB 76.7s
#6 transferring context: 235.34MB 81.8s
#6 transferring context: 262.94MB 87.0s
#6 transferring context: 284.43MB 92.1s
#6 transferring context: 299.03MB 97.3s
#6 transferring context: 308.16MB 102.4s
#6 transferring context: 333.67MB 107.4s
#6 transferring context: 358.11MB 112.5s
#6 transferring context: 374.35MB 117.6s
#6 transferring context: 381.88MB 122.0s done
#6 DONE 122.2s

#7 [3/6] RUN apt-get update && apt-get install -y --no-install-recommends     libpq-dev     && rm -rf /var/lib/apt/lists/*
#7 CACHED

#8 [4/6] COPY requirements.txt .
#8 CACHED

#9 [2/6] WORKDIR /app
#9 CACHED

#10 [5/6] RUN pip install --no-cache-dir -r requirements.txt
#10 CACHED

#11 [6/6] COPY . .
#11 DONE 23.4s

#12 exporting to image
#12 exporting layers
#12 exporting layers 18.2s done
#12 exporting manifest sha256:6f725abec8fcdc4e8ca9268b7e401e5f43bbcbd80d0acad40a64cb12eee9aca6 0.0s done
#12 exporting config sha256:bdeace9f40ad8941da289a468a2b5741072086a773a054f50d5fdfe86549ab02 0.0s done
#12 exporting attestation manifest sha256:7805f3f6676c7ffbacb0e547de1da3e2e28cc546b97a8f2a7b8368bdc6b36581
#12 exporting attestation manifest sha256:7805f3f6676c7ffbacb0e547de1da3e2e28cc546b97a8f2a7b8368bdc6b36581 0.1s done
#12 exporting manifest list sha256:fc48968b701c7b93ccab1ac7256c690c7ae692a775988fb739b0629f1495a17e 0.0s done
#12 naming to docker.io/library/company-brain-company-brain-app:latest
#12 naming to docker.io/library/company-brain-company-brain-app:latest done
#12 unpacking to docker.io/library/company-brain-company-brain-app:latest
#12 unpacking to docker.io/library/company-brain-company-brain-app:latest 15.0s done
#12 DONE 33.5s

#13 resolving provenance for metadata file
#13 DONE 0.1s
 Image company-brain-company-brain-app Built 
EXIT:0
