 Image company-brain-company-brain-app Building 
#1 [internal] load local bake definitions
#1 reading from stdin 583B done
#1 DONE 0.0s

#2 [internal] load build definition from Dockerfile
#2 transferring dockerfile: 510B 0.0s done
#2 DONE 0.1s

#3 [internal] load metadata for docker.io/library/python:3.12-slim
#3 DONE 2.4s

#4 [internal] load .dockerignore
#4 transferring context: 2B done
#4 DONE 0.0s

#5 [internal] load build context
#5 ...

#6 [1/6] FROM docker.io/library/python:3.12-slim@sha256:2c941e860699f878900b0edc2403613c234d4b32eda3cc9fa7036991a2a63c4a
#6 resolve docker.io/library/python:3.12-slim@sha256:2c941e860699f878900b0edc2403613c234d4b32eda3cc9fa7036991a2a63c4a 0.1s done
#6 DONE 0.1s

#5 [internal] load build context
#5 transferring context: 2.05MB 4.3s done
#5 DONE 4.5s

#7 [4/6] COPY requirements.txt .
#7 CACHED

#8 [2/6] WORKDIR /app
#8 CACHED

#9 [3/6] RUN apt-get update && apt-get install -y --no-install-recommends     libpq-dev     && rm -rf /var/lib/apt/lists/*
#9 CACHED

#10 [5/6] RUN pip install --no-cache-dir -r requirements.txt
#10 CACHED

#11 [6/6] COPY . .
#11 DONE 31.9s

#12 exporting to image
#12 exporting layers
#12 exporting layers 23.3s done
#12 exporting manifest sha256:1fdd2f1c28d47768fc1c45fa98b809187642b74fb053ee30286c9a87484b9ab9 0.0s done
#12 exporting config sha256:167400a955e7075ef95c1e0b17229eef129ac72b9dab6745ddfcab7865e1a1c5 0.0s done
#12 exporting attestation manifest sha256:18b1dc073c9dc04f79a78daa896e22ab84b71e412e7ff710e3b1dc41c5a913a7
#12 exporting attestation manifest sha256:18b1dc073c9dc04f79a78daa896e22ab84b71e412e7ff710e3b1dc41c5a913a7 0.1s done
#12 exporting manifest list sha256:ff41424686a76e071888eda1cdf6145ae04d6868b1888feddf864746b6e3ff75 0.0s done
#12 naming to docker.io/library/company-brain-company-brain-app:latest done
#12 unpacking to docker.io/library/company-brain-company-brain-app:latest
#12 unpacking to docker.io/library/company-brain-company-brain-app:latest 15.0s done
#12 DONE 38.6s

#13 resolving provenance for metadata file
#13 DONE 0.0s
 Image company-brain-company-brain-app Built 
 Container company-brain-db Running 
 Container company-brain-app Recreate 
 Container company-brain-app Recreated 
 Container company-brain-db Waiting 
 Container company-brain-db Healthy 
 Container company-brain-app Starting 
 Container company-brain-app Started 
EXIT:0
