 Image company-brain-company-brain-app Building 
#1 [internal] load local bake definitions
#1 reading from stdin 583B done
#1 DONE 0.0s

#2 [internal] load build definition from Dockerfile
#2 transferring dockerfile: 510B 0.0s done
#2 DONE 0.1s

#3 [internal] load metadata for docker.io/library/python:3.12-slim
#3 DONE 2.2s

#4 [internal] load .dockerignore
#4 transferring context: 2B done
#4 DONE 0.0s

#5 [internal] load build context
#5 ...

#6 [1/6] FROM docker.io/library/python:3.12-slim@sha256:2c941e860699f878900b0edc2403613c234d4b32eda3cc9fa7036991a2a63c4a
#6 resolve docker.io/library/python:3.12-slim@sha256:2c941e860699f878900b0edc2403613c234d4b32eda3cc9fa7036991a2a63c4a 0.1s done
#6 DONE 0.1s

#5 [internal] load build context
#5 transferring context: 2.05MB 3.3s done
#5 DONE 3.7s

#7 [2/6] WORKDIR /app
#7 CACHED

#8 [3/6] RUN apt-get update && apt-get install -y --no-install-recommends     libpq-dev     && rm -rf /var/lib/apt/lists/*
#8 CACHED

#9 [4/6] COPY requirements.txt .
#9 CACHED

#10 [5/6] RUN pip install --no-cache-dir -r requirements.txt
#10 CACHED

#11 [6/6] COPY . .
#11 DONE 23.5s

#12 exporting to image
#12 exporting layers
#12 exporting layers 19.6s done
#12 exporting manifest sha256:db09623034b0d0cf67b2e3185cf8c345ccd46e1a935be5fc18d71e0ca17fdb56 0.0s done
#12 exporting config sha256:18ba28b3d584ba3ae367d25221c98b0c8eeae3e627b87b916d22c86e138377fd 0.0s done
#12 exporting attestation manifest sha256:291ea88f224143817c3ac19705bbf031e1685dc47112efe4bc0ce1116bc1eb74
#12 exporting attestation manifest sha256:291ea88f224143817c3ac19705bbf031e1685dc47112efe4bc0ce1116bc1eb74 0.1s done
#12 exporting manifest list sha256:166c323d506162c30b9077bb55e1739742618bab55ab17f50ddd6d053d908957 0.0s done
#12 naming to docker.io/library/company-brain-company-brain-app:latest
#12 naming to docker.io/library/company-brain-company-brain-app:latest 0.0s done
#12 unpacking to docker.io/library/company-brain-company-brain-app:latest
#12 unpacking to docker.io/library/company-brain-company-brain-app:latest 12.5s done
#12 DONE 32.5s

#13 resolving provenance for metadata file
#13 DONE 0.0s
 Image company-brain-company-brain-app Built 
 Container company-brain-db Running 
 Container company-brain-app Recreate 
 Container company-brain-app Recreated 
 Container company-brain-db Waiting 
 Container company-brain-db Healthy 
 Container company-brain-app Starting 
 Container company-brain-app Started 
EXIT:0
