 Image company-brain-company-brain-app Building 
#1 [internal] load local bake definitions
#1 reading from stdin 583B done
#1 DONE 0.0s

#2 [internal] load build definition from Dockerfile
#2 transferring dockerfile: 510B 0.0s done
#2 DONE 0.1s

#3 [internal] load metadata for docker.io/library/python:3.12-slim
#3 DONE 1.2s

#4 [internal] load .dockerignore
#4 transferring context: 2B done
#4 DONE 0.0s

#5 [internal] load build context
#5 ...

#6 [1/6] FROM docker.io/library/python:3.12-slim@sha256:2c941e860699f878900b0edc2403613c234d4b32eda3cc9fa7036991a2a63c4a
#6 resolve docker.io/library/python:3.12-slim@sha256:2c941e860699f878900b0edc2403613c234d4b32eda3cc9fa7036991a2a63c4a 0.1s done
#6 DONE 0.1s

#5 [internal] load build context
#5 transferring context: 2.05MB 2.3s done
#5 DONE 2.4s

#7 [2/6] WORKDIR /app
#7 CACHED

#8 [3/6] RUN apt-get update && apt-get install -y --no-install-recommends     libpq-dev     && rm -rf /var/lib/apt/lists/*
#8 CACHED

#9 [4/6] COPY requirements.txt .
#9 CACHED

#10 [5/6] RUN pip install --no-cache-dir -r requirements.txt
#10 CACHED

#11 [6/6] COPY . .
#11 DONE 22.3s

#12 exporting to image
#12 exporting layers
#12 exporting layers 17.5s done
#12 exporting manifest sha256:d1359399b4cf6b49b7f5e9bd08bdfc0ba5785f43ab9fc65bc9b9c4dac187125d 0.0s done
#12 exporting config sha256:084cbe3f8aac37e7cfa58dce8aba4fa0ff578dc668eecc4ac346ca7ffb25a683 0.0s done
#12 exporting attestation manifest sha256:0838ea5ebc49bc6e89014ca6eee188654c474898bcff3e88b283d24f03771389
#12 exporting attestation manifest sha256:0838ea5ebc49bc6e89014ca6eee188654c474898bcff3e88b283d24f03771389 0.1s done
#12 exporting manifest list sha256:2b5c9e71105eb99784b45013ff570bb66e5e6a61bd116b5b903137b6afa64a3b 0.0s done
#12 naming to docker.io/library/company-brain-company-brain-app:latest
#12 naming to docker.io/library/company-brain-company-brain-app:latest done
#12 unpacking to docker.io/library/company-brain-company-brain-app:latest
#12 unpacking to docker.io/library/company-brain-company-brain-app:latest 13.3s done
#12 DONE 31.1s

#13 resolving provenance for metadata file
#13 DONE 0.0s
 Image company-brain-company-brain-app Built 
 Container company-brain-db Running 
 Container company-brain-app Recreate 
 Container company-brain-app Recreated 
 Container company-brain-db Waiting 
 Container company-brain-db Healthy 
 Container company-brain-app Starting 
 Container company-brain-app Started 
EXIT:0
