 Image company-brain-company-brain-app Building 
#1 [internal] load local bake definitions
#1 reading from stdin 583B done
#1 DONE 0.0s

#2 [internal] load build definition from Dockerfile
#2 transferring dockerfile: 510B 0.0s done
#2 DONE 0.1s

#3 [internal] load metadata for docker.io/library/python:3.12-slim
#3 DONE 1.9s

#4 [internal] load .dockerignore
#4 transferring context: 2B done
#4 DONE 0.0s

#5 [internal] load build context
#5 ...

#6 [1/6] FROM docker.io/library/python:3.12-slim@sha256:2c941e860699f878900b0edc2403613c234d4b32eda3cc9fa7036991a2a63c4a
#6 resolve docker.io/library/python:3.12-slim@sha256:2c941e860699f878900b0edc2403613c234d4b32eda3cc9fa7036991a2a63c4a 0.1s done
#6 DONE 0.1s

#5 [internal] load build context
#5 transferring context: 2.05MB 3.4s done
#5 DONE 3.5s

#7 [4/6] COPY requirements.txt .
#7 CACHED

#8 [2/6] WORKDIR /app
#8 CACHED

#9 [3/6] RUN apt-get update && apt-get install -y --no-install-recommends     libpq-dev     && rm -rf /var/lib/apt/lists/*
#9 CACHED

#10 [5/6] RUN pip install --no-cache-dir -r requirements.txt
#10 CACHED

#11 [6/6] COPY . .
#11 DONE 52.8s

#12 exporting to image
#12 exporting layers
#12 exporting layers 19.9s done
#12 exporting manifest sha256:fe3dc6a92a77c82acfe807011b0af137b94728391b95eec372db67addcbfc1d9 0.0s done
#12 exporting config sha256:98bacdf54fa1cdfa4e62905c4e382ed8dacaf5fec1403db858489e93b46291f5 0.0s done
#12 exporting attestation manifest sha256:c2f00a243649f946a563aacaa86bc201cb5547fe698a691d32092051d12e6aff
#12 exporting attestation manifest sha256:c2f00a243649f946a563aacaa86bc201cb5547fe698a691d32092051d12e6aff 0.1s done
#12 exporting manifest list sha256:ed1d40171dfd58b29f8fc967598c154222e4c3114a5e4b9fbb8857411c1efc80 0.0s done
#12 naming to docker.io/library/company-brain-company-brain-app:latest done
#12 unpacking to docker.io/library/company-brain-company-brain-app:latest
#12 unpacking to docker.io/library/company-brain-company-brain-app:latest 16.4s done
#12 DONE 36.6s

#13 resolving provenance for metadata file
#13 DONE 0.1s
 Image company-brain-company-brain-app Built 
 Container company-brain-db Running 
 Container company-brain-app Recreate 
 Container company-brain-app Recreated 
 Container company-brain-db Waiting 
 Container company-brain-db Healthy 
 Container company-brain-app Starting 
 Container company-brain-app Started 
EXIT:0
